LAMMPS (28 Mar 2023 - Development)
OMP_NUM_THREADS environment is not set. Defaulting to 1 thread. (src/comm.cpp:98)
  using 1 OpenMP thread(s) per MPI task
Reading data file ...
  orthogonal box = (0 0 0) to (20.921129 20.921129 25.315073)
  1 by 2 by 2 MPI processor grid
  reading atoms ...
  1024 atoms
  read_data CPU = 0.038 seconds
CUDA unavailable, setting device type to torch::kCPU.
CUDA unavailable, setting device type to torch::kCPU.
CUDA unavailable, setting device type to torch::kCPU.
CUDA unavailable, setting device type to torch::kCPU.
